  Determining projects to restore...
  All projects are up-to-date for restore.
  DataBaseLayer -> /Users/nudyk/Projects/DotNet/GPTChatTelegramBot/DataBaseLayer/bin/Debug/net9.0/DataBaseLayer.dll
/Users/nudyk/Projects/DotNet/GPTChatTelegramBot/ServiceLayer/Services/GptChat/ChatGptService.cs(17,7): warning CS0105: The using directive for 'ServiceLayer.Services.GptChat.Models' appeared previously in this namespace [/Users/nudyk/Projects/DotNet/GPTChatTelegramBot/ServiceLayer/ServiceLayer.csproj]
/Users/nudyk/Projects/DotNet/GPTChatTelegramBot/ServiceLayer/Services/AudioTranscriptor/AudioTranscriptorService.cs(22,28): warning CS8625: Cannot convert null literal to non-nullable reference type. [/Users/nudyk/Projects/DotNet/GPTChatTelegramBot/ServiceLayer/ServiceLayer.csproj]
/Users/nudyk/Projects/DotNet/GPTChatTelegramBot/ServiceLayer/Services/AudioTranscriptor/AudioTranscriptorService.cs(22,50): warning CS8625: Cannot convert null literal to non-nullable reference type. [/Users/nudyk/Projects/DotNet/GPTChatTelegramBot/ServiceLayer/ServiceLayer.csproj]
/Users/nudyk/Projects/DotNet/GPTChatTelegramBot/ServiceLayer/Services/AudioTranscriptor/AudioTranscriptorService.cs(23,31): warning CS8625: Cannot convert null literal to non-nullable reference type. [/Users/nudyk/Projects/DotNet/GPTChatTelegramBot/ServiceLayer/ServiceLayer.csproj]
/Users/nudyk/Projects/DotNet/GPTChatTelegramBot/ServiceLayer/Services/IChatService.cs(14,28): warning CS8625: Cannot convert null literal to non-nullable reference type. [/Users/nudyk/Projects/DotNet/GPTChatTelegramBot/ServiceLayer/ServiceLayer.csproj]
/Users/nudyk/Projects/DotNet/GPTChatTelegramBot/ServiceLayer/Services/IChatService.cs(14,50): warning CS8625: Cannot convert null literal to non-nullable reference type. [/Users/nudyk/Projects/DotNet/GPTChatTelegramBot/ServiceLayer/ServiceLayer.csproj]
/Users/nudyk/Projects/DotNet/GPTChatTelegramBot/ServiceLayer/Services/IChatService.cs(15,56): warning CS8625: Cannot convert null literal to non-nullable reference type. [/Users/nudyk/Projects/DotNet/GPTChatTelegramBot/ServiceLayer/ServiceLayer.csproj]
/Users/nudyk/Projects/DotNet/GPTChatTelegramBot/ServiceLayer/Services/GeminiChat.DotNet/ChatGeminiService.cs(104,28): warning CS8625: Cannot convert null literal to non-nullable reference type. [/Users/nudyk/Projects/DotNet/GPTChatTelegramBot/ServiceLayer/ServiceLayer.csproj]
/Users/nudyk/Projects/DotNet/GPTChatTelegramBot/ServiceLayer/Services/ResilientChatService.cs(104,125): warning CS8625: Cannot convert null literal to non-nullable reference type. [/Users/nudyk/Projects/DotNet/GPTChatTelegramBot/ServiceLayer/ServiceLayer.csproj]
/Users/nudyk/Projects/DotNet/GPTChatTelegramBot/ServiceLayer/Services/GeminiChat.DotNet/ChatGeminiService.cs(104,50): warning CS8625: Cannot convert null literal to non-nullable reference type. [/Users/nudyk/Projects/DotNet/GPTChatTelegramBot/ServiceLayer/ServiceLayer.csproj]
/Users/nudyk/Projects/DotNet/GPTChatTelegramBot/ServiceLayer/Services/ResilientChatService.cs(104,147): warning CS8625: Cannot convert null literal to non-nullable reference type. [/Users/nudyk/Projects/DotNet/GPTChatTelegramBot/ServiceLayer/ServiceLayer.csproj]
/Users/nudyk/Projects/DotNet/GPTChatTelegramBot/ServiceLayer/Services/GeminiChat.DotNet/ChatGeminiService.cs(105,56): warning CS8625: Cannot convert null literal to non-nullable reference type. [/Users/nudyk/Projects/DotNet/GPTChatTelegramBot/ServiceLayer/ServiceLayer.csproj]
/Users/nudyk/Projects/DotNet/GPTChatTelegramBot/ServiceLayer/Services/ResilientChatService.cs(104,259): warning CS8625: Cannot convert null literal to non-nullable reference type. [/Users/nudyk/Projects/DotNet/GPTChatTelegramBot/ServiceLayer/ServiceLayer.csproj]
/Users/nudyk/Projects/DotNet/GPTChatTelegramBot/ServiceLayer/Services/GptChat/ChatGptService.cs(202,56): warning CS8625: Cannot convert null literal to non-nullable reference type. [/Users/nudyk/Projects/DotNet/GPTChatTelegramBot/ServiceLayer/ServiceLayer.csproj]
/Users/nudyk/Projects/DotNet/GPTChatTelegramBot/ServiceLayer/Services/GptChat/ChatGptService.cs(203,25): warning CS8625: Cannot convert null literal to non-nullable reference type. [/Users/nudyk/Projects/DotNet/GPTChatTelegramBot/ServiceLayer/ServiceLayer.csproj]
/Users/nudyk/Projects/DotNet/GPTChatTelegramBot/ServiceLayer/Services/GptChat/ChatGptService.cs(204,52): warning CS8625: Cannot convert null literal to non-nullable reference type. [/Users/nudyk/Projects/DotNet/GPTChatTelegramBot/ServiceLayer/ServiceLayer.csproj]
/Users/nudyk/Projects/DotNet/GPTChatTelegramBot/ServiceLayer/Services/GptChat/ChatGptService.cs(26,39): warning CS8618: Non-nullable property 'Models' must contain a non-null value when exiting constructor. Consider adding the 'required' modifier or declaring the property as nullable. [/Users/nudyk/Projects/DotNet/GPTChatTelegramBot/ServiceLayer/ServiceLayer.csproj]
/Users/nudyk/Projects/DotNet/GPTChatTelegramBot/ServiceLayer/Services/GptChat/ChatGptService.cs(92,57): warning CS8629: Nullable value type may be null. [/Users/nudyk/Projects/DotNet/GPTChatTelegramBot/ServiceLayer/ServiceLayer.csproj]
/Users/nudyk/Projects/DotNet/GPTChatTelegramBot/ServiceLayer/Services/Telegram/ReceiverServiceBase.cs(49,28): error CS0104: 'BotCommand' is an ambiguous reference between 'ServiceLayer.Constans.BotCommand' and 'Telegram.Bot.Types.BotCommand' [/Users/nudyk/Projects/DotNet/GPTChatTelegramBot/ServiceLayer/ServiceLayer.csproj]
/Users/nudyk/Projects/DotNet/GPTChatTelegramBot/ServiceLayer/Services/Telegram/ReceiverServiceBase.cs(49,73): error CS0234: The type or namespace name 'Bot' does not exist in the namespace 'ServiceLayer.Services.Telegram' (are you missing an assembly reference?) [/Users/nudyk/Projects/DotNet/GPTChatTelegramBot/ServiceLayer/ServiceLayer.csproj]
/Users/nudyk/Projects/DotNet/GPTChatTelegramBot/ServiceLayer/Services/Telegram/ReceiverServiceBase.cs(54,30): error CS1061: 'ITelegramBotClient' does not contain a definition for 'SetMyCommandsAsync' and no accessible extension method 'SetMyCommandsAsync' accepting a first argument of type 'ITelegramBotClient' could be found (are you missing a using directive or an assembly reference?) [/Users/nudyk/Projects/DotNet/GPTChatTelegramBot/ServiceLayer/ServiceLayer.csproj]
/Users/nudyk/Projects/DotNet/GPTChatTelegramBot/ServiceLayer/Services/GptChat/ChatGptService.cs(187,9): warning CS8602: Dereference of a possibly null reference. [/Users/nudyk/Projects/DotNet/GPTChatTelegramBot/ServiceLayer/ServiceLayer.csproj]
/Users/nudyk/Projects/DotNet/GPTChatTelegramBot/ServiceLayer/Services/GptChat/ChatGptService.cs(227,19): warning CS0618: 'ImageSize' is obsolete: 'removed' [/Users/nudyk/Projects/DotNet/GPTChatTelegramBot/ServiceLayer/ServiceLayer.csproj]
/Users/nudyk/Projects/DotNet/GPTChatTelegramBot/ServiceLayer/Services/GptChat/ChatGptService.cs(222,32): warning CS0618: 'ImageEditRequest.ImageEditRequest(string, string, string, int, ImageSize, string, ImageResponseFormat, Model)' is obsolete: 'Use new .ctor overload' [/Users/nudyk/Projects/DotNet/GPTChatTelegramBot/ServiceLayer/ServiceLayer.csproj]
/Users/nudyk/Projects/DotNet/GPTChatTelegramBot/ServiceLayer/Services/MessageProcessor/MessageProcessor.cs(103,39): warning CS8604: Possible null reference argument for parameter 'oldValue' in 'string string.Replace(string oldValue, string? newValue)'. [/Users/nudyk/Projects/DotNet/GPTChatTelegramBot/ServiceLayer/ServiceLayer.csproj]
/Users/nudyk/Projects/DotNet/GPTChatTelegramBot/ServiceLayer/Services/MessageProcessor/MessageProcessor.cs(166,31): warning CS8602: Dereference of a possibly null reference. [/Users/nudyk/Projects/DotNet/GPTChatTelegramBot/ServiceLayer/ServiceLayer.csproj]
/Users/nudyk/Projects/DotNet/GPTChatTelegramBot/ServiceLayer/Services/GptChat/ChatGptService.cs(63,50): warning CS8625: Cannot convert null literal to non-nullable reference type. [/Users/nudyk/Projects/DotNet/GPTChatTelegramBot/ServiceLayer/ServiceLayer.csproj]
/Users/nudyk/Projects/DotNet/GPTChatTelegramBot/ServiceLayer/Services/Telegram/UpdateHandler.cs(88,13): warning CS4014: Because this call is not awaited, execution of the current method continues before the call is completed. Consider applying the 'await' operator to the result of the call. [/Users/nudyk/Projects/DotNet/GPTChatTelegramBot/ServiceLayer/ServiceLayer.csproj]
/Users/nudyk/Projects/DotNet/GPTChatTelegramBot/ServiceLayer/Services/Telegram/UpdateHandler.cs(105,23): error CS0104: 'BotCommand' is an ambiguous reference between 'ServiceLayer.Constans.BotCommand' and 'Telegram.Bot.Types.BotCommand' [/Users/nudyk/Projects/DotNet/GPTChatTelegramBot/ServiceLayer/ServiceLayer.csproj]
/Users/nudyk/Projects/DotNet/GPTChatTelegramBot/ServiceLayer/Services/Telegram/UpdateHandler.cs(109,29): error CS0104: 'BotCommand' is an ambiguous reference between 'ServiceLayer.Constans.BotCommand' and 'Telegram.Bot.Types.BotCommand' [/Users/nudyk/Projects/DotNet/GPTChatTelegramBot/ServiceLayer/ServiceLayer.csproj]
/Users/nudyk/Projects/DotNet/GPTChatTelegramBot/ServiceLayer/Services/Telegram/UpdateHandler.cs(110,29): error CS0104: 'BotCommand' is an ambiguous reference between 'ServiceLayer.Constans.BotCommand' and 'Telegram.Bot.Types.BotCommand' [/Users/nudyk/Projects/DotNet/GPTChatTelegramBot/ServiceLayer/ServiceLayer.csproj]
/Users/nudyk/Projects/DotNet/GPTChatTelegramBot/ServiceLayer/Services/Telegram/UpdateHandler.cs(111,29): error CS0104: 'BotCommand' is an ambiguous reference between 'ServiceLayer.Constans.BotCommand' and 'Telegram.Bot.Types.BotCommand' [/Users/nudyk/Projects/DotNet/GPTChatTelegramBot/ServiceLayer/ServiceLayer.csproj]
/Users/nudyk/Projects/DotNet/GPTChatTelegramBot/ServiceLayer/Services/Telegram/UpdateHandler.cs(112,29): error CS0104: 'BotCommand' is an ambiguous reference between 'ServiceLayer.Constans.BotCommand' and 'Telegram.Bot.Types.BotCommand' [/Users/nudyk/Projects/DotNet/GPTChatTelegramBot/ServiceLayer/ServiceLayer.csproj]
/Users/nudyk/Projects/DotNet/GPTChatTelegramBot/ServiceLayer/Services/Telegram/UpdateHandler.cs(146,31): error CS0104: 'BotCommand' is an ambiguous reference between 'ServiceLayer.Constans.BotCommand' and 'Telegram.Bot.Types.BotCommand' [/Users/nudyk/Projects/DotNet/GPTChatTelegramBot/ServiceLayer/ServiceLayer.csproj]
/Users/nudyk/Projects/DotNet/GPTChatTelegramBot/ServiceLayer/Services/Telegram/UpdateHandler.cs(195,31): error CS0104: 'BotCommand' is an ambiguous reference between 'ServiceLayer.Constans.BotCommand' and 'Telegram.Bot.Types.BotCommand' [/Users/nudyk/Projects/DotNet/GPTChatTelegramBot/ServiceLayer/ServiceLayer.csproj]
/Users/nudyk/Projects/DotNet/GPTChatTelegramBot/ServiceLayer/Services/Telegram/UpdateHandler.cs(240,109): error CS0104: 'BotCommand' is an ambiguous reference between 'ServiceLayer.Constans.BotCommand' and 'Telegram.Bot.Types.BotCommand' [/Users/nudyk/Projects/DotNet/GPTChatTelegramBot/ServiceLayer/ServiceLayer.csproj]
/Users/nudyk/Projects/DotNet/GPTChatTelegramBot/ServiceLayer/Services/Telegram/UpdateHandler.cs(139,48): warning CS8602: Dereference of a possibly null reference. [/Users/nudyk/Projects/DotNet/GPTChatTelegramBot/ServiceLayer/ServiceLayer.csproj]
/Users/nudyk/Projects/DotNet/GPTChatTelegramBot/ServiceLayer/Services/Telegram/UpdateHandler.cs(185,25): warning CS8602: Dereference of a possibly null reference. [/Users/nudyk/Projects/DotNet/GPTChatTelegramBot/ServiceLayer/ServiceLayer.csproj]
/Users/nudyk/Projects/DotNet/GPTChatTelegramBot/ServiceLayer/Services/Telegram/UpdateHandler.cs(334,34): warning CS8600: Converting null literal or possible null value to non-nullable type. [/Users/nudyk/Projects/DotNet/GPTChatTelegramBot/ServiceLayer/ServiceLayer.csproj]
/Users/nudyk/Projects/DotNet/GPTChatTelegramBot/ServiceLayer/Services/Telegram/UpdateHandler.cs(342,45): warning CS8602: Dereference of a possibly null reference. [/Users/nudyk/Projects/DotNet/GPTChatTelegramBot/ServiceLayer/ServiceLayer.csproj]
/Users/nudyk/Projects/DotNet/GPTChatTelegramBot/ServiceLayer/Services/Telegram/UpdateHandler.cs(354,83): warning CS8629: Nullable value type may be null. [/Users/nudyk/Projects/DotNet/GPTChatTelegramBot/ServiceLayer/ServiceLayer.csproj]
/Users/nudyk/Projects/DotNet/GPTChatTelegramBot/ServiceLayer/Services/Telegram/UpdateHandler.cs(360,24): warning CS8603: Possible null reference return. [/Users/nudyk/Projects/DotNet/GPTChatTelegramBot/ServiceLayer/ServiceLayer.csproj]
/Users/nudyk/Projects/DotNet/GPTChatTelegramBot/ServiceLayer/Services/Telegram/UpdateHandler.cs(375,62): warning CS8604: Possible null reference argument for parameter 'filePath' in 'Task ITelegramBotClient.DownloadFile(string filePath, Stream destination, CancellationToken cancellationToken = default(CancellationToken))'. [/Users/nudyk/Projects/DotNet/GPTChatTelegramBot/ServiceLayer/ServiceLayer.csproj]
/Users/nudyk/Projects/DotNet/GPTChatTelegramBot/ServiceLayer/Services/Telegram/UpdateHandler.cs(386,87): warning CS8629: Nullable value type may be null. [/Users/nudyk/Projects/DotNet/GPTChatTelegramBot/ServiceLayer/ServiceLayer.csproj]
/Users/nudyk/Projects/DotNet/GPTChatTelegramBot/ServiceLayer/Services/Telegram/UpdateHandler.cs(398,24): warning CS8603: Possible null reference return. [/Users/nudyk/Projects/DotNet/GPTChatTelegramBot/ServiceLayer/ServiceLayer.csproj]
/Users/nudyk/Projects/DotNet/GPTChatTelegramBot/ServiceLayer/Services/Telegram/UpdateHandler.cs(401,75): warning CS8602: Dereference of a possibly null reference. [/Users/nudyk/Projects/DotNet/GPTChatTelegramBot/ServiceLayer/ServiceLayer.csproj]
/Users/nudyk/Projects/DotNet/GPTChatTelegramBot/ServiceLayer/Services/Telegram/UpdateHandler.cs(402,21): warning CS8604: Possible null reference argument for parameter 'message' in 'Task<string> MessageProcessor.ProcessMessage(long chatId, long messageId, long? parentMessageId, long fromUserId, string message, CancellationToken cancellationToken)'. [/Users/nudyk/Projects/DotNet/GPTChatTelegramBot/ServiceLayer/ServiceLayer.csproj]
/Users/nudyk/Projects/DotNet/GPTChatTelegramBot/ServiceLayer/Services/Telegram/UpdateHandler.cs(404,20): warning CS8603: Possible null reference return. [/Users/nudyk/Projects/DotNet/GPTChatTelegramBot/ServiceLayer/ServiceLayer.csproj]
/Users/nudyk/Projects/DotNet/GPTChatTelegramBot/ServiceLayer/Services/Telegram/UpdateHandler.cs(424,50): warning CS8604: Possible null reference argument for parameter 'filePath' in 'Task ITelegramBotClient.DownloadFile(string filePath, Stream destination, CancellationToken cancellationToken = default(CancellationToken))'. [/Users/nudyk/Projects/DotNet/GPTChatTelegramBot/ServiceLayer/ServiceLayer.csproj]
/Users/nudyk/Projects/DotNet/GPTChatTelegramBot/ServiceLayer/Services/Telegram/UpdateHandler.cs(427,62): warning CS8602: Dereference of a possibly null reference. [/Users/nudyk/Projects/DotNet/GPTChatTelegramBot/ServiceLayer/ServiceLayer.csproj]
/Users/nudyk/Projects/DotNet/GPTChatTelegramBot/ServiceLayer/Services/Telegram/UpdateHandler.cs(431,20): warning CS8603: Possible null reference return. [/Users/nudyk/Projects/DotNet/GPTChatTelegramBot/ServiceLayer/ServiceLayer.csproj]
/Users/nudyk/Projects/DotNet/GPTChatTelegramBot/ServiceLayer/Services/Telegram/UpdateHandler.cs(316,36): warning CS8321: The local function 'Usage' is declared but never used [/Users/nudyk/Projects/DotNet/GPTChatTelegramBot/ServiceLayer/ServiceLayer.csproj]
/Users/nudyk/Projects/DotNet/GPTChatTelegramBot/ServiceLayer/Services/Telegram/UpdateHandler.cs(458,42): warning CS8602: Dereference of a possibly null reference. [/Users/nudyk/Projects/DotNet/GPTChatTelegramBot/ServiceLayer/ServiceLayer.csproj]
/Users/nudyk/Projects/DotNet/GPTChatTelegramBot/ServiceLayer/Services/Telegram/UpdateHandler.cs(474,46): warning CS8602: Dereference of a possibly null reference. [/Users/nudyk/Projects/DotNet/GPTChatTelegramBot/ServiceLayer/ServiceLayer.csproj]
/Users/nudyk/Projects/DotNet/GPTChatTelegramBot/ServiceLayer/Services/Telegram/UpdateHandler.cs(542,36): error CS0104: 'BotCommand' is an ambiguous reference between 'ServiceLayer.Constans.BotCommand' and 'Telegram.Bot.Types.BotCommand' [/Users/nudyk/Projects/DotNet/GPTChatTelegramBot/ServiceLayer/ServiceLayer.csproj]
/Users/nudyk/Projects/DotNet/GPTChatTelegramBot/ServiceLayer/Services/Telegram/UpdateHandler.cs(569,36): error CS0104: 'BotCommand' is an ambiguous reference between 'ServiceLayer.Constans.BotCommand' and 'Telegram.Bot.Types.BotCommand' [/Users/nudyk/Projects/DotNet/GPTChatTelegramBot/ServiceLayer/ServiceLayer.csproj]
/Users/nudyk/Projects/DotNet/GPTChatTelegramBot/ServiceLayer/Services/Telegram/UpdateHandler.cs(599,36): error CS0104: 'BotCommand' is an ambiguous reference between 'ServiceLayer.Constans.BotCommand' and 'Telegram.Bot.Types.BotCommand' [/Users/nudyk/Projects/DotNet/GPTChatTelegramBot/ServiceLayer/ServiceLayer.csproj]
/Users/nudyk/Projects/DotNet/GPTChatTelegramBot/ServiceLayer/Services/Telegram/UpdateHandler.cs(544,89): warning CS8602: Dereference of a possibly null reference. [/Users/nudyk/Projects/DotNet/GPTChatTelegramBot/ServiceLayer/ServiceLayer.csproj]
/Users/nudyk/Projects/DotNet/GPTChatTelegramBot/ServiceLayer/Services/Telegram/UpdateHandler.cs(573,62): warning CS8602: Dereference of a possibly null reference. [/Users/nudyk/Projects/DotNet/GPTChatTelegramBot/ServiceLayer/ServiceLayer.csproj]
/Users/nudyk/Projects/DotNet/GPTChatTelegramBot/ServiceLayer/Services/Telegram/UpdateHandler.cs(605,54): warning CS8602: Dereference of a possibly null reference. [/Users/nudyk/Projects/DotNet/GPTChatTelegramBot/ServiceLayer/ServiceLayer.csproj]
/Users/nudyk/Projects/DotNet/GPTChatTelegramBot/ServiceLayer/Services/Telegram/UpdateHandler.cs(605,54): warning CS8602: Dereference of a possibly null reference. [/Users/nudyk/Projects/DotNet/GPTChatTelegramBot/ServiceLayer/ServiceLayer.csproj]
/Users/nudyk/Projects/DotNet/GPTChatTelegramBot/ServiceLayer/Services/Telegram/UpdateHandler.cs(605,54): warning CS8602: Dereference of a possibly null reference. [/Users/nudyk/Projects/DotNet/GPTChatTelegramBot/ServiceLayer/ServiceLayer.csproj]
/Users/nudyk/Projects/DotNet/GPTChatTelegramBot/ServiceLayer/Services/Telegram/UpdateHandler.cs(607,33): warning CS8602: Dereference of a possibly null reference. [/Users/nudyk/Projects/DotNet/GPTChatTelegramBot/ServiceLayer/ServiceLayer.csproj]
/Users/nudyk/Projects/DotNet/GPTChatTelegramBot/ServiceLayer/Services/Telegram/UpdateHandler.cs(751,34): warning CS8602: Dereference of a possibly null reference. [/Users/nudyk/Projects/DotNet/GPTChatTelegramBot/ServiceLayer/ServiceLayer.csproj]

Build FAILED.

/Users/nudyk/Projects/DotNet/GPTChatTelegramBot/ServiceLayer/Services/GptChat/ChatGptService.cs(17,7): warning CS0105: The using directive for 'ServiceLayer.Services.GptChat.Models' appeared previously in this namespace [/Users/nudyk/Projects/DotNet/GPTChatTelegramBot/ServiceLayer/ServiceLayer.csproj]
/Users/nudyk/Projects/DotNet/GPTChatTelegramBot/ServiceLayer/Services/AudioTranscriptor/AudioTranscriptorService.cs(22,28): warning CS8625: Cannot convert null literal to non-nullable reference type. [/Users/nudyk/Projects/DotNet/GPTChatTelegramBot/ServiceLayer/ServiceLayer.csproj]
/Users/nudyk/Projects/DotNet/GPTChatTelegramBot/ServiceLayer/Services/AudioTranscriptor/AudioTranscriptorService.cs(22,50): warning CS8625: Cannot convert null literal to non-nullable reference type. [/Users/nudyk/Projects/DotNet/GPTChatTelegramBot/ServiceLayer/ServiceLayer.csproj]
/Users/nudyk/Projects/DotNet/GPTChatTelegramBot/ServiceLayer/Services/AudioTranscriptor/AudioTranscriptorService.cs(23,31): warning CS8625: Cannot convert null literal to non-nullable reference type. [/Users/nudyk/Projects/DotNet/GPTChatTelegramBot/ServiceLayer/ServiceLayer.csproj]
/Users/nudyk/Projects/DotNet/GPTChatTelegramBot/ServiceLayer/Services/IChatService.cs(14,28): warning CS8625: Cannot convert null literal to non-nullable reference type. [/Users/nudyk/Projects/DotNet/GPTChatTelegramBot/ServiceLayer/ServiceLayer.csproj]
/Users/nudyk/Projects/DotNet/GPTChatTelegramBot/ServiceLayer/Services/IChatService.cs(14,50): warning CS8625: Cannot convert null literal to non-nullable reference type. [/Users/nudyk/Projects/DotNet/GPTChatTelegramBot/ServiceLayer/ServiceLayer.csproj]
/Users/nudyk/Projects/DotNet/GPTChatTelegramBot/ServiceLayer/Services/IChatService.cs(15,56): warning CS8625: Cannot convert null literal to non-nullable reference type. [/Users/nudyk/Projects/DotNet/GPTChatTelegramBot/ServiceLayer/ServiceLayer.csproj]
/Users/nudyk/Projects/DotNet/GPTChatTelegramBot/ServiceLayer/Services/GeminiChat.DotNet/ChatGeminiService.cs(104,28): warning CS8625: Cannot convert null literal to non-nullable reference type. [/Users/nudyk/Projects/DotNet/GPTChatTelegramBot/ServiceLayer/ServiceLayer.csproj]
/Users/nudyk/Projects/DotNet/GPTChatTelegramBot/ServiceLayer/Services/ResilientChatService.cs(104,125): warning CS8625: Cannot convert null literal to non-nullable reference type. [/Users/nudyk/Projects/DotNet/GPTChatTelegramBot/ServiceLayer/ServiceLayer.csproj]
/Users/nudyk/Projects/DotNet/GPTChatTelegramBot/ServiceLayer/Services/GeminiChat.DotNet/ChatGeminiService.cs(104,50): warning CS8625: Cannot convert null literal to non-nullable reference type. [/Users/nudyk/Projects/DotNet/GPTChatTelegramBot/ServiceLayer/ServiceLayer.csproj]
/Users/nudyk/Projects/DotNet/GPTChatTelegramBot/ServiceLayer/Services/ResilientChatService.cs(104,147): warning CS8625: Cannot convert null literal to non-nullable reference type. [/Users/nudyk/Projects/DotNet/GPTChatTelegramBot/ServiceLayer/ServiceLayer.csproj]
/Users/nudyk/Projects/DotNet/GPTChatTelegramBot/ServiceLayer/Services/GeminiChat.DotNet/ChatGeminiService.cs(105,56): warning CS8625: Cannot convert null literal to non-nullable reference type. [/Users/nudyk/Projects/DotNet/GPTChatTelegramBot/ServiceLayer/ServiceLayer.csproj]
/Users/nudyk/Projects/DotNet/GPTChatTelegramBot/ServiceLayer/Services/ResilientChatService.cs(104,259): warning CS8625: Cannot convert null literal to non-nullable reference type. [/Users/nudyk/Projects/DotNet/GPTChatTelegramBot/ServiceLayer/ServiceLayer.csproj]
/Users/nudyk/Projects/DotNet/GPTChatTelegramBot/ServiceLayer/Services/GptChat/ChatGptService.cs(202,56): warning CS8625: Cannot convert null literal to non-nullable reference type. [/Users/nudyk/Projects/DotNet/GPTChatTelegramBot/ServiceLayer/ServiceLayer.csproj]
/Users/nudyk/Projects/DotNet/GPTChatTelegramBot/ServiceLayer/Services/GptChat/ChatGptService.cs(203,25): warning CS8625: Cannot convert null literal to non-nullable reference type. [/Users/nudyk/Projects/DotNet/GPTChatTelegramBot/ServiceLayer/ServiceLayer.csproj]
/Users/nudyk/Projects/DotNet/GPTChatTelegramBot/ServiceLayer/Services/GptChat/ChatGptService.cs(204,52): warning CS8625: Cannot convert null literal to non-nullable reference type. [/Users/nudyk/Projects/DotNet/GPTChatTelegramBot/ServiceLayer/ServiceLayer.csproj]
/Users/nudyk/Projects/DotNet/GPTChatTelegramBot/ServiceLayer/Services/GptChat/ChatGptService.cs(26,39): warning CS8618: Non-nullable property 'Models' must contain a non-null value when exiting constructor. Consider adding the 'required' modifier or declaring the property as nullable. [/Users/nudyk/Projects/DotNet/GPTChatTelegramBot/ServiceLayer/ServiceLayer.csproj]
/Users/nudyk/Projects/DotNet/GPTChatTelegramBot/ServiceLayer/Services/GptChat/ChatGptService.cs(92,57): warning CS8629: Nullable value type may be null. [/Users/nudyk/Projects/DotNet/GPTChatTelegramBot/ServiceLayer/ServiceLayer.csproj]
/Users/nudyk/Projects/DotNet/GPTChatTelegramBot/ServiceLayer/Services/GptChat/ChatGptService.cs(187,9): warning CS8602: Dereference of a possibly null reference. [/Users/nudyk/Projects/DotNet/GPTChatTelegramBot/ServiceLayer/ServiceLayer.csproj]
/Users/nudyk/Projects/DotNet/GPTChatTelegramBot/ServiceLayer/Services/GptChat/ChatGptService.cs(227,19): warning CS0618: 'ImageSize' is obsolete: 'removed' [/Users/nudyk/Projects/DotNet/GPTChatTelegramBot/ServiceLayer/ServiceLayer.csproj]
/Users/nudyk/Projects/DotNet/GPTChatTelegramBot/ServiceLayer/Services/GptChat/ChatGptService.cs(222,32): warning CS0618: 'ImageEditRequest.ImageEditRequest(string, string, string, int, ImageSize, string, ImageResponseFormat, Model)' is obsolete: 'Use new .ctor overload' [/Users/nudyk/Projects/DotNet/GPTChatTelegramBot/ServiceLayer/ServiceLayer.csproj]
/Users/nudyk/Projects/DotNet/GPTChatTelegramBot/ServiceLayer/Services/MessageProcessor/MessageProcessor.cs(103,39): warning CS8604: Possible null reference argument for parameter 'oldValue' in 'string string.Replace(string oldValue, string? newValue)'. [/Users/nudyk/Projects/DotNet/GPTChatTelegramBot/ServiceLayer/ServiceLayer.csproj]
/Users/nudyk/Projects/DotNet/GPTChatTelegramBot/ServiceLayer/Services/MessageProcessor/MessageProcessor.cs(166,31): warning CS8602: Dereference of a possibly null reference. [/Users/nudyk/Projects/DotNet/GPTChatTelegramBot/ServiceLayer/ServiceLayer.csproj]
/Users/nudyk/Projects/DotNet/GPTChatTelegramBot/ServiceLayer/Services/GptChat/ChatGptService.cs(63,50): warning CS8625: Cannot convert null literal to non-nullable reference type. [/Users/nudyk/Projects/DotNet/GPTChatTelegramBot/ServiceLayer/ServiceLayer.csproj]
/Users/nudyk/Projects/DotNet/GPTChatTelegramBot/ServiceLayer/Services/Telegram/UpdateHandler.cs(88,13): warning CS4014: Because this call is not awaited, execution of the current method continues before the call is completed. Consider applying the 'await' operator to the result of the call. [/Users/nudyk/Projects/DotNet/GPTChatTelegramBot/ServiceLayer/ServiceLayer.csproj]
/Users/nudyk/Projects/DotNet/GPTChatTelegramBot/ServiceLayer/Services/Telegram/UpdateHandler.cs(139,48): warning CS8602: Dereference of a possibly null reference. [/Users/nudyk/Projects/DotNet/GPTChatTelegramBot/ServiceLayer/ServiceLayer.csproj]
/Users/nudyk/Projects/DotNet/GPTChatTelegramBot/ServiceLayer/Services/Telegram/UpdateHandler.cs(185,25): warning CS8602: Dereference of a possibly null reference. [/Users/nudyk/Projects/DotNet/GPTChatTelegramBot/ServiceLayer/ServiceLayer.csproj]
/Users/nudyk/Projects/DotNet/GPTChatTelegramBot/ServiceLayer/Services/Telegram/UpdateHandler.cs(334,34): warning CS8600: Converting null literal or possible null value to non-nullable type. [/Users/nudyk/Projects/DotNet/GPTChatTelegramBot/ServiceLayer/ServiceLayer.csproj]
/Users/nudyk/Projects/DotNet/GPTChatTelegramBot/ServiceLayer/Services/Telegram/UpdateHandler.cs(342,45): warning CS8602: Dereference of a possibly null reference. [/Users/nudyk/Projects/DotNet/GPTChatTelegramBot/ServiceLayer/ServiceLayer.csproj]
/Users/nudyk/Projects/DotNet/GPTChatTelegramBot/ServiceLayer/Services/Telegram/UpdateHandler.cs(354,83): warning CS8629: Nullable value type may be null. [/Users/nudyk/Projects/DotNet/GPTChatTelegramBot/ServiceLayer/ServiceLayer.csproj]
/Users/nudyk/Projects/DotNet/GPTChatTelegramBot/ServiceLayer/Services/Telegram/UpdateHandler.cs(360,24): warning CS8603: Possible null reference return. [/Users/nudyk/Projects/DotNet/GPTChatTelegramBot/ServiceLayer/ServiceLayer.csproj]
/Users/nudyk/Projects/DotNet/GPTChatTelegramBot/ServiceLayer/Services/Telegram/UpdateHandler.cs(375,62): warning CS8604: Possible null reference argument for parameter 'filePath' in 'Task ITelegramBotClient.DownloadFile(string filePath, Stream destination, CancellationToken cancellationToken = default(CancellationToken))'. [/Users/nudyk/Projects/DotNet/GPTChatTelegramBot/ServiceLayer/ServiceLayer.csproj]
/Users/nudyk/Projects/DotNet/GPTChatTelegramBot/ServiceLayer/Services/Telegram/UpdateHandler.cs(386,87): warning CS8629: Nullable value type may be null. [/Users/nudyk/Projects/DotNet/GPTChatTelegramBot/ServiceLayer/ServiceLayer.csproj]
/Users/nudyk/Projects/DotNet/GPTChatTelegramBot/ServiceLayer/Services/Telegram/UpdateHandler.cs(398,24): warning CS8603: Possible null reference return. [/Users/nudyk/Projects/DotNet/GPTChatTelegramBot/ServiceLayer/ServiceLayer.csproj]
/Users/nudyk/Projects/DotNet/GPTChatTelegramBot/ServiceLayer/Services/Telegram/UpdateHandler.cs(401,75): warning CS8602: Dereference of a possibly null reference. [/Users/nudyk/Projects/DotNet/GPTChatTelegramBot/ServiceLayer/ServiceLayer.csproj]
/Users/nudyk/Projects/DotNet/GPTChatTelegramBot/ServiceLayer/Services/Telegram/UpdateHandler.cs(402,21): warning CS8604: Possible null reference argument for parameter 'message' in 'Task<string> MessageProcessor.ProcessMessage(long chatId, long messageId, long? parentMessageId, long fromUserId, string message, CancellationToken cancellationToken)'. [/Users/nudyk/Projects/DotNet/GPTChatTelegramBot/ServiceLayer/ServiceLayer.csproj]
/Users/nudyk/Projects/DotNet/GPTChatTelegramBot/ServiceLayer/Services/Telegram/UpdateHandler.cs(404,20): warning CS8603: Possible null reference return. [/Users/nudyk/Projects/DotNet/GPTChatTelegramBot/ServiceLayer/ServiceLayer.csproj]
/Users/nudyk/Projects/DotNet/GPTChatTelegramBot/ServiceLayer/Services/Telegram/UpdateHandler.cs(424,50): warning CS8604: Possible null reference argument for parameter 'filePath' in 'Task ITelegramBotClient.DownloadFile(string filePath, Stream destination, CancellationToken cancellationToken = default(CancellationToken))'. [/Users/nudyk/Projects/DotNet/GPTChatTelegramBot/ServiceLayer/ServiceLayer.csproj]
/Users/nudyk/Projects/DotNet/GPTChatTelegramBot/ServiceLayer/Services/Telegram/UpdateHandler.cs(427,62): warning CS8602: Dereference of a possibly null reference. [/Users/nudyk/Projects/DotNet/GPTChatTelegramBot/ServiceLayer/ServiceLayer.csproj]
/Users/nudyk/Projects/DotNet/GPTChatTelegramBot/ServiceLayer/Services/Telegram/UpdateHandler.cs(431,20): warning CS8603: Possible null reference return. [/Users/nudyk/Projects/DotNet/GPTChatTelegramBot/ServiceLayer/ServiceLayer.csproj]
/Users/nudyk/Projects/DotNet/GPTChatTelegramBot/ServiceLayer/Services/Telegram/UpdateHandler.cs(316,36): warning CS8321: The local function 'Usage' is declared but never used [/Users/nudyk/Projects/DotNet/GPTChatTelegramBot/ServiceLayer/ServiceLayer.csproj]
/Users/nudyk/Projects/DotNet/GPTChatTelegramBot/ServiceLayer/Services/Telegram/UpdateHandler.cs(458,42): warning CS8602: Dereference of a possibly null reference. [/Users/nudyk/Projects/DotNet/GPTChatTelegramBot/ServiceLayer/ServiceLayer.csproj]
/Users/nudyk/Projects/DotNet/GPTChatTelegramBot/ServiceLayer/Services/Telegram/UpdateHandler.cs(474,46): warning CS8602: Dereference of a possibly null reference. [/Users/nudyk/Projects/DotNet/GPTChatTelegramBot/ServiceLayer/ServiceLayer.csproj]
/Users/nudyk/Projects/DotNet/GPTChatTelegramBot/ServiceLayer/Services/Telegram/UpdateHandler.cs(544,89): warning CS8602: Dereference of a possibly null reference. [/Users/nudyk/Projects/DotNet/GPTChatTelegramBot/ServiceLayer/ServiceLayer.csproj]
/Users/nudyk/Projects/DotNet/GPTChatTelegramBot/ServiceLayer/Services/Telegram/UpdateHandler.cs(573,62): warning CS8602: Dereference of a possibly null reference. [/Users/nudyk/Projects/DotNet/GPTChatTelegramBot/ServiceLayer/ServiceLayer.csproj]
/Users/nudyk/Projects/DotNet/GPTChatTelegramBot/ServiceLayer/Services/Telegram/UpdateHandler.cs(605,54): warning CS8602: Dereference of a possibly null reference. [/Users/nudyk/Projects/DotNet/GPTChatTelegramBot/ServiceLayer/ServiceLayer.csproj]
/Users/nudyk/Projects/DotNet/GPTChatTelegramBot/ServiceLayer/Services/Telegram/UpdateHandler.cs(605,54): warning CS8602: Dereference of a possibly null reference. [/Users/nudyk/Projects/DotNet/GPTChatTelegramBot/ServiceLayer/ServiceLayer.csproj]
/Users/nudyk/Projects/DotNet/GPTChatTelegramBot/ServiceLayer/Services/Telegram/UpdateHandler.cs(605,54): warning CS8602: Dereference of a possibly null reference. [/Users/nudyk/Projects/DotNet/GPTChatTelegramBot/ServiceLayer/ServiceLayer.csproj]
/Users/nudyk/Projects/DotNet/GPTChatTelegramBot/ServiceLayer/Services/Telegram/UpdateHandler.cs(607,33): warning CS8602: Dereference of a possibly null reference. [/Users/nudyk/Projects/DotNet/GPTChatTelegramBot/ServiceLayer/ServiceLayer.csproj]
/Users/nudyk/Projects/DotNet/GPTChatTelegramBot/ServiceLayer/Services/Telegram/UpdateHandler.cs(751,34): warning CS8602: Dereference of a possibly null reference. [/Users/nudyk/Projects/DotNet/GPTChatTelegramBot/ServiceLayer/ServiceLayer.csproj]
/Users/nudyk/Projects/DotNet/GPTChatTelegramBot/ServiceLayer/Services/Telegram/ReceiverServiceBase.cs(49,28): error CS0104: 'BotCommand' is an ambiguous reference between 'ServiceLayer.Constans.BotCommand' and 'Telegram.Bot.Types.BotCommand' [/Users/nudyk/Projects/DotNet/GPTChatTelegramBot/ServiceLayer/ServiceLayer.csproj]
/Users/nudyk/Projects/DotNet/GPTChatTelegramBot/ServiceLayer/Services/Telegram/ReceiverServiceBase.cs(49,73): error CS0234: The type or namespace name 'Bot' does not exist in the namespace 'ServiceLayer.Services.Telegram' (are you missing an assembly reference?) [/Users/nudyk/Projects/DotNet/GPTChatTelegramBot/ServiceLayer/ServiceLayer.csproj]
/Users/nudyk/Projects/DotNet/GPTChatTelegramBot/ServiceLayer/Services/Telegram/ReceiverServiceBase.cs(54,30): error CS1061: 'ITelegramBotClient' does not contain a definition for 'SetMyCommandsAsync' and no accessible extension method 'SetMyCommandsAsync' accepting a first argument of type 'ITelegramBotClient' could be found (are you missing a using directive or an assembly reference?) [/Users/nudyk/Projects/DotNet/GPTChatTelegramBot/ServiceLayer/ServiceLayer.csproj]
/Users/nudyk/Projects/DotNet/GPTChatTelegramBot/ServiceLayer/Services/Telegram/UpdateHandler.cs(105,23): error CS0104: 'BotCommand' is an ambiguous reference between 'ServiceLayer.Constans.BotCommand' and 'Telegram.Bot.Types.BotCommand' [/Users/nudyk/Projects/DotNet/GPTChatTelegramBot/ServiceLayer/ServiceLayer.csproj]
/Users/nudyk/Projects/DotNet/GPTChatTelegramBot/ServiceLayer/Services/Telegram/UpdateHandler.cs(109,29): error CS0104: 'BotCommand' is an ambiguous reference between 'ServiceLayer.Constans.BotCommand' and 'Telegram.Bot.Types.BotCommand' [/Users/nudyk/Projects/DotNet/GPTChatTelegramBot/ServiceLayer/ServiceLayer.csproj]
/Users/nudyk/Projects/DotNet/GPTChatTelegramBot/ServiceLayer/Services/Telegram/UpdateHandler.cs(110,29): error CS0104: 'BotCommand' is an ambiguous reference between 'ServiceLayer.Constans.BotCommand' and 'Telegram.Bot.Types.BotCommand' [/Users/nudyk/Projects/DotNet/GPTChatTelegramBot/ServiceLayer/ServiceLayer.csproj]
/Users/nudyk/Projects/DotNet/GPTChatTelegramBot/ServiceLayer/Services/Telegram/UpdateHandler.cs(111,29): error CS0104: 'BotCommand' is an ambiguous reference between 'ServiceLayer.Constans.BotCommand' and 'Telegram.Bot.Types.BotCommand' [/Users/nudyk/Projects/DotNet/GPTChatTelegramBot/ServiceLayer/ServiceLayer.csproj]
/Users/nudyk/Projects/DotNet/GPTChatTelegramBot/ServiceLayer/Services/Telegram/UpdateHandler.cs(112,29): error CS0104: 'BotCommand' is an ambiguous reference between 'ServiceLayer.Constans.BotCommand' and 'Telegram.Bot.Types.BotCommand' [/Users/nudyk/Projects/DotNet/GPTChatTelegramBot/ServiceLayer/ServiceLayer.csproj]
/Users/nudyk/Projects/DotNet/GPTChatTelegramBot/ServiceLayer/Services/Telegram/UpdateHandler.cs(146,31): error CS0104: 'BotCommand' is an ambiguous reference between 'ServiceLayer.Constans.BotCommand' and 'Telegram.Bot.Types.BotCommand' [/Users/nudyk/Projects/DotNet/GPTChatTelegramBot/ServiceLayer/ServiceLayer.csproj]
/Users/nudyk/Projects/DotNet/GPTChatTelegramBot/ServiceLayer/Services/Telegram/UpdateHandler.cs(195,31): error CS0104: 'BotCommand' is an ambiguous reference between 'ServiceLayer.Constans.BotCommand' and 'Telegram.Bot.Types.BotCommand' [/Users/nudyk/Projects/DotNet/GPTChatTelegramBot/ServiceLayer/ServiceLayer.csproj]
/Users/nudyk/Projects/DotNet/GPTChatTelegramBot/ServiceLayer/Services/Telegram/UpdateHandler.cs(240,109): error CS0104: 'BotCommand' is an ambiguous reference between 'ServiceLayer.Constans.BotCommand' and 'Telegram.Bot.Types.BotCommand' [/Users/nudyk/Projects/DotNet/GPTChatTelegramBot/ServiceLayer/ServiceLayer.csproj]
/Users/nudyk/Projects/DotNet/GPTChatTelegramBot/ServiceLayer/Services/Telegram/UpdateHandler.cs(542,36): error CS0104: 'BotCommand' is an ambiguous reference between 'ServiceLayer.Constans.BotCommand' and 'Telegram.Bot.Types.BotCommand' [/Users/nudyk/Projects/DotNet/GPTChatTelegramBot/ServiceLayer/ServiceLayer.csproj]
/Users/nudyk/Projects/DotNet/GPTChatTelegramBot/ServiceLayer/Services/Telegram/UpdateHandler.cs(569,36): error CS0104: 'BotCommand' is an ambiguous reference between 'ServiceLayer.Constans.BotCommand' and 'Telegram.Bot.Types.BotCommand' [/Users/nudyk/Projects/DotNet/GPTChatTelegramBot/ServiceLayer/ServiceLayer.csproj]
/Users/nudyk/Projects/DotNet/GPTChatTelegramBot/ServiceLayer/Services/Telegram/UpdateHandler.cs(599,36): error CS0104: 'BotCommand' is an ambiguous reference between 'ServiceLayer.Constans.BotCommand' and 'Telegram.Bot.Types.BotCommand' [/Users/nudyk/Projects/DotNet/GPTChatTelegramBot/ServiceLayer/ServiceLayer.csproj]
    50 Warning(s)
    14 Error(s)

Time Elapsed 00:00:02.06
