  Determining projects to restore...
  All projects are up-to-date for restore.
  DataBaseLayer -> /Users/nudyk/Projects/DotNet/GPTChatTelegramBot/DataBaseLayer/bin/Debug/net9.0/DataBaseLayer.dll
/Users/nudyk/Projects/DotNet/GPTChatTelegramBot/ServiceLayer/Services/GeminiChat.DotNet/ChatGeminiService.cs(6,47): error CS0234: The type or namespace name 'Configurations' does not exist in the namespace 'ServiceLayer.Services.GeminiChat.DotNet' (are you missing an assembly reference?) [/Users/nudyk/Projects/DotNet/GPTChatTelegramBot/ServiceLayer/ServiceLayer.csproj]
/Users/nudyk/Projects/DotNet/GPTChatTelegramBot/ServiceLayer/Services/GptChat/ChatGptService.cs(11,37): error CS0234: The type or namespace name 'Configurations' does not exist in the namespace 'ServiceLayer.Services.GptChat' (are you missing an assembly reference?) [/Users/nudyk/Projects/DotNet/GPTChatTelegramBot/ServiceLayer/ServiceLayer.csproj]
/Users/nudyk/Projects/DotNet/GPTChatTelegramBot/ServiceLayer/Services/GptChat/ChatGptService.cs(17,7): warning CS0105: The using directive for 'ServiceLayer.Services.GptChat.Models' appeared previously in this namespace [/Users/nudyk/Projects/DotNet/GPTChatTelegramBot/ServiceLayer/ServiceLayer.csproj]
/Users/nudyk/Projects/DotNet/GPTChatTelegramBot/ServiceLayer/Services/MessageProcessor/MessageProcessor.cs(9,37): error CS0234: The type or namespace name 'Configurations' does not exist in the namespace 'ServiceLayer.Services.GptChat' (are you missing an assembly reference?) [/Users/nudyk/Projects/DotNet/GPTChatTelegramBot/ServiceLayer/ServiceLayer.csproj]
/Users/nudyk/Projects/DotNet/GPTChatTelegramBot/ServiceLayer/Services/AudioTranscriptor/AudioTranscriptorService.cs(22,28): warning CS8625: Cannot convert null literal to non-nullable reference type. [/Users/nudyk/Projects/DotNet/GPTChatTelegramBot/ServiceLayer/ServiceLayer.csproj]
/Users/nudyk/Projects/DotNet/GPTChatTelegramBot/ServiceLayer/Services/AudioTranscriptor/AudioTranscriptorService.cs(22,50): warning CS8625: Cannot convert null literal to non-nullable reference type. [/Users/nudyk/Projects/DotNet/GPTChatTelegramBot/ServiceLayer/ServiceLayer.csproj]
/Users/nudyk/Projects/DotNet/GPTChatTelegramBot/ServiceLayer/Services/AudioTranscriptor/AudioTranscriptorService.cs(23,31): warning CS8625: Cannot convert null literal to non-nullable reference type. [/Users/nudyk/Projects/DotNet/GPTChatTelegramBot/ServiceLayer/ServiceLayer.csproj]
/Users/nudyk/Projects/DotNet/GPTChatTelegramBot/ServiceLayer/Services/IChatService.cs(14,28): warning CS8625: Cannot convert null literal to non-nullable reference type. [/Users/nudyk/Projects/DotNet/GPTChatTelegramBot/ServiceLayer/ServiceLayer.csproj]
/Users/nudyk/Projects/DotNet/GPTChatTelegramBot/ServiceLayer/Services/IChatService.cs(14,50): warning CS8625: Cannot convert null literal to non-nullable reference type. [/Users/nudyk/Projects/DotNet/GPTChatTelegramBot/ServiceLayer/ServiceLayer.csproj]
/Users/nudyk/Projects/DotNet/GPTChatTelegramBot/ServiceLayer/Services/IChatService.cs(15,56): warning CS8625: Cannot convert null literal to non-nullable reference type. [/Users/nudyk/Projects/DotNet/GPTChatTelegramBot/ServiceLayer/ServiceLayer.csproj]
/Users/nudyk/Projects/DotNet/GPTChatTelegramBot/ServiceLayer/Services/ResilientChatService.cs(104,125): warning CS8625: Cannot convert null literal to non-nullable reference type. [/Users/nudyk/Projects/DotNet/GPTChatTelegramBot/ServiceLayer/ServiceLayer.csproj]
/Users/nudyk/Projects/DotNet/GPTChatTelegramBot/ServiceLayer/Services/ResilientChatService.cs(104,147): warning CS8625: Cannot convert null literal to non-nullable reference type. [/Users/nudyk/Projects/DotNet/GPTChatTelegramBot/ServiceLayer/ServiceLayer.csproj]
/Users/nudyk/Projects/DotNet/GPTChatTelegramBot/ServiceLayer/Services/ResilientChatService.cs(104,259): warning CS8625: Cannot convert null literal to non-nullable reference type. [/Users/nudyk/Projects/DotNet/GPTChatTelegramBot/ServiceLayer/ServiceLayer.csproj]
/Users/nudyk/Projects/DotNet/GPTChatTelegramBot/ServiceLayer/Services/GptChat/ChatGptService.cs(202,56): warning CS8625: Cannot convert null literal to non-nullable reference type. [/Users/nudyk/Projects/DotNet/GPTChatTelegramBot/ServiceLayer/ServiceLayer.csproj]
/Users/nudyk/Projects/DotNet/GPTChatTelegramBot/ServiceLayer/Services/GeminiChat.DotNet/ChatGeminiService.cs(113,28): warning CS8625: Cannot convert null literal to non-nullable reference type. [/Users/nudyk/Projects/DotNet/GPTChatTelegramBot/ServiceLayer/ServiceLayer.csproj]
/Users/nudyk/Projects/DotNet/GPTChatTelegramBot/ServiceLayer/Services/GeminiChat.DotNet/ChatGeminiService.cs(113,50): warning CS8625: Cannot convert null literal to non-nullable reference type. [/Users/nudyk/Projects/DotNet/GPTChatTelegramBot/ServiceLayer/ServiceLayer.csproj]
/Users/nudyk/Projects/DotNet/GPTChatTelegramBot/ServiceLayer/Services/GptChat/ChatGptService.cs(203,25): warning CS8625: Cannot convert null literal to non-nullable reference type. [/Users/nudyk/Projects/DotNet/GPTChatTelegramBot/ServiceLayer/ServiceLayer.csproj]
/Users/nudyk/Projects/DotNet/GPTChatTelegramBot/ServiceLayer/Services/GeminiChat.DotNet/ChatGeminiService.cs(114,56): warning CS8625: Cannot convert null literal to non-nullable reference type. [/Users/nudyk/Projects/DotNet/GPTChatTelegramBot/ServiceLayer/ServiceLayer.csproj]
/Users/nudyk/Projects/DotNet/GPTChatTelegramBot/ServiceLayer/Services/GptChat/ChatGptService.cs(204,52): warning CS8625: Cannot convert null literal to non-nullable reference type. [/Users/nudyk/Projects/DotNet/GPTChatTelegramBot/ServiceLayer/ServiceLayer.csproj]

Build FAILED.

/Users/nudyk/Projects/DotNet/GPTChatTelegramBot/ServiceLayer/Services/GptChat/ChatGptService.cs(17,7): warning CS0105: The using directive for 'ServiceLayer.Services.GptChat.Models' appeared previously in this namespace [/Users/nudyk/Projects/DotNet/GPTChatTelegramBot/ServiceLayer/ServiceLayer.csproj]
/Users/nudyk/Projects/DotNet/GPTChatTelegramBot/ServiceLayer/Services/AudioTranscriptor/AudioTranscriptorService.cs(22,28): warning CS8625: Cannot convert null literal to non-nullable reference type. [/Users/nudyk/Projects/DotNet/GPTChatTelegramBot/ServiceLayer/ServiceLayer.csproj]
/Users/nudyk/Projects/DotNet/GPTChatTelegramBot/ServiceLayer/Services/AudioTranscriptor/AudioTranscriptorService.cs(22,50): warning CS8625: Cannot convert null literal to non-nullable reference type. [/Users/nudyk/Projects/DotNet/GPTChatTelegramBot/ServiceLayer/ServiceLayer.csproj]
/Users/nudyk/Projects/DotNet/GPTChatTelegramBot/ServiceLayer/Services/AudioTranscriptor/AudioTranscriptorService.cs(23,31): warning CS8625: Cannot convert null literal to non-nullable reference type. [/Users/nudyk/Projects/DotNet/GPTChatTelegramBot/ServiceLayer/ServiceLayer.csproj]
/Users/nudyk/Projects/DotNet/GPTChatTelegramBot/ServiceLayer/Services/IChatService.cs(14,28): warning CS8625: Cannot convert null literal to non-nullable reference type. [/Users/nudyk/Projects/DotNet/GPTChatTelegramBot/ServiceLayer/ServiceLayer.csproj]
/Users/nudyk/Projects/DotNet/GPTChatTelegramBot/ServiceLayer/Services/IChatService.cs(14,50): warning CS8625: Cannot convert null literal to non-nullable reference type. [/Users/nudyk/Projects/DotNet/GPTChatTelegramBot/ServiceLayer/ServiceLayer.csproj]
/Users/nudyk/Projects/DotNet/GPTChatTelegramBot/ServiceLayer/Services/IChatService.cs(15,56): warning CS8625: Cannot convert null literal to non-nullable reference type. [/Users/nudyk/Projects/DotNet/GPTChatTelegramBot/ServiceLayer/ServiceLayer.csproj]
/Users/nudyk/Projects/DotNet/GPTChatTelegramBot/ServiceLayer/Services/ResilientChatService.cs(104,125): warning CS8625: Cannot convert null literal to non-nullable reference type. [/Users/nudyk/Projects/DotNet/GPTChatTelegramBot/ServiceLayer/ServiceLayer.csproj]
/Users/nudyk/Projects/DotNet/GPTChatTelegramBot/ServiceLayer/Services/ResilientChatService.cs(104,147): warning CS8625: Cannot convert null literal to non-nullable reference type. [/Users/nudyk/Projects/DotNet/GPTChatTelegramBot/ServiceLayer/ServiceLayer.csproj]
/Users/nudyk/Projects/DotNet/GPTChatTelegramBot/ServiceLayer/Services/ResilientChatService.cs(104,259): warning CS8625: Cannot convert null literal to non-nullable reference type. [/Users/nudyk/Projects/DotNet/GPTChatTelegramBot/ServiceLayer/ServiceLayer.csproj]
/Users/nudyk/Projects/DotNet/GPTChatTelegramBot/ServiceLayer/Services/GptChat/ChatGptService.cs(202,56): warning CS8625: Cannot convert null literal to non-nullable reference type. [/Users/nudyk/Projects/DotNet/GPTChatTelegramBot/ServiceLayer/ServiceLayer.csproj]
/Users/nudyk/Projects/DotNet/GPTChatTelegramBot/ServiceLayer/Services/GeminiChat.DotNet/ChatGeminiService.cs(113,28): warning CS8625: Cannot convert null literal to non-nullable reference type. [/Users/nudyk/Projects/DotNet/GPTChatTelegramBot/ServiceLayer/ServiceLayer.csproj]
/Users/nudyk/Projects/DotNet/GPTChatTelegramBot/ServiceLayer/Services/GeminiChat.DotNet/ChatGeminiService.cs(113,50): warning CS8625: Cannot convert null literal to non-nullable reference type. [/Users/nudyk/Projects/DotNet/GPTChatTelegramBot/ServiceLayer/ServiceLayer.csproj]
/Users/nudyk/Projects/DotNet/GPTChatTelegramBot/ServiceLayer/Services/GptChat/ChatGptService.cs(203,25): warning CS8625: Cannot convert null literal to non-nullable reference type. [/Users/nudyk/Projects/DotNet/GPTChatTelegramBot/ServiceLayer/ServiceLayer.csproj]
/Users/nudyk/Projects/DotNet/GPTChatTelegramBot/ServiceLayer/Services/GeminiChat.DotNet/ChatGeminiService.cs(114,56): warning CS8625: Cannot convert null literal to non-nullable reference type. [/Users/nudyk/Projects/DotNet/GPTChatTelegramBot/ServiceLayer/ServiceLayer.csproj]
/Users/nudyk/Projects/DotNet/GPTChatTelegramBot/ServiceLayer/Services/GptChat/ChatGptService.cs(204,52): warning CS8625: Cannot convert null literal to non-nullable reference type. [/Users/nudyk/Projects/DotNet/GPTChatTelegramBot/ServiceLayer/ServiceLayer.csproj]
/Users/nudyk/Projects/DotNet/GPTChatTelegramBot/ServiceLayer/Services/GeminiChat.DotNet/ChatGeminiService.cs(6,47): error CS0234: The type or namespace name 'Configurations' does not exist in the namespace 'ServiceLayer.Services.GeminiChat.DotNet' (are you missing an assembly reference?) [/Users/nudyk/Projects/DotNet/GPTChatTelegramBot/ServiceLayer/ServiceLayer.csproj]
/Users/nudyk/Projects/DotNet/GPTChatTelegramBot/ServiceLayer/Services/GptChat/ChatGptService.cs(11,37): error CS0234: The type or namespace name 'Configurations' does not exist in the namespace 'ServiceLayer.Services.GptChat' (are you missing an assembly reference?) [/Users/nudyk/Projects/DotNet/GPTChatTelegramBot/ServiceLayer/ServiceLayer.csproj]
/Users/nudyk/Projects/DotNet/GPTChatTelegramBot/ServiceLayer/Services/MessageProcessor/MessageProcessor.cs(9,37): error CS0234: The type or namespace name 'Configurations' does not exist in the namespace 'ServiceLayer.Services.GptChat' (are you missing an assembly reference?) [/Users/nudyk/Projects/DotNet/GPTChatTelegramBot/ServiceLayer/ServiceLayer.csproj]
    16 Warning(s)
    3 Error(s)

Time Elapsed 00:00:01.13
